// Jest Snapshot v1, https://goo.gl/fbAQLP

exports[`Options media {Boolean} 1`] = `
"// CSS Imports



// CSS Exports
// CSS Modules Exports


// CSS
export default \`@media (max-width: 2400px) {
  .a { width: 100%; }
}
@media (max-width: 1600px) {
  .a { width: 75%; }
}
@media (max-width: 800px) {
  .a { width: 50%; }
}
@media (max-width: 400px) {
  .a { width: 20%; }
}

@media (max-width: 2400px) {
  .b { width: 100%; }
}
@media (max-width: 1600px) {
  .b { width: 75%; }
}
@media (max-width: 800px) {
  .b { width: 50%; }
}
@media (max-width: 400px) {
  .b { width: 20%; }
}
\`"
`;
