// Jest Snapshot v1, https://goo.gl/fbAQLP

exports[`modules true: errors 1`] = `Array []`;

exports[`modules true: module 1`] = `
"// Imports
var ___CSS_LOADER_ICSS_IMPORT_0___ = require(\\"-!../../../src/index.js??ref--4-0!./values.css\\");
var ___CSS_LOADER_ICSS_IMPORT_1___ = require(\\"-!../../../src/index.js??ref--4-0!./something.css\\");
var ___CSS_LOADER_ICSS_IMPORT_2___ = require(\\"-!../../../src/index.js??ref--4-0!./imported-simple.css\\");
var ___CSS_LOADER_ICSS_IMPORT_3___ = require(\\"-!../../../src/index.js??ref--4-0!./relative.css\\");
var ___CSS_LOADER_ICSS_IMPORT_4___ = require(\\"-!../../../src/index.js??ref--4-0!../modules/top-relative.css\\");
var ___CSS_LOADER_ICSS_IMPORT_5___ = require(\\"-!../../../src/index.js??ref--4-0!package/style.css\\");
var ___CSS_LOADER_ICSS_IMPORT_6___ = require(\\"-!../../../src/index.js??ref--4-0!aliasesComposes/alias.css\\");

// Exports
module.exports = {
	\\"v-def\\": \\"\\" + ___CSS_LOADER_ICSS_IMPORT_0___[\\"v-def\\"] + \\"\\",
	\\"v-other\\": \\"\\" + ___CSS_LOADER_ICSS_IMPORT_0___[\\"v-other\\"] + \\"\\",
	\\"s-white\\": \\"\\" + ___CSS_LOADER_ICSS_IMPORT_0___[\\"s-white\\"] + \\"\\",
	\\"m-small\\": \\"\\" + ___CSS_LOADER_ICSS_IMPORT_0___[\\"m-small\\"] + \\"\\",
	\\"v-something\\": \\"\\" + ___CSS_LOADER_ICSS_IMPORT_1___[\\"v-something\\"] + \\"\\",
	\\"v-foo\\": \\"blue\\",
	\\"v-bar\\": \\"block\\",
	\\"v-primary\\": \\"#BF4040\\",
	\\"s-black\\": \\"black-selector\\",
	\\"m-large\\": \\"(min-width: 960px)\\",
	\\"v-ident\\": \\"validIdent\\",
	\\"v-pre-defined-ident\\": \\"left\\",
	\\"v-string\\": \\"'content'\\",
	\\"v-string-1\\": \\"''\\",
	\\"v-url\\": \\"url(https://www.exammple.com/images/my-background.png)\\",
	\\"v-url-1\\": \\"url('https://www.exammple.com/images/my-background.png')\\",
	\\"v-url-2\\": \\"url(\\\\\\"https://www.exammple.com/images/my-background.png\\\\\\")\\",
	\\"v-integer\\": \\"100\\",
	\\"v-integer-1\\": \\"-100\\",
	\\"v-integer-2\\": \\"+100\\",
	\\"v-number\\": \\".60\\",
	\\"v-number-1\\": \\"-456.8\\",
	\\"v-number-2\\": \\"-3.4e-2\\",
	\\"v-dimension\\": \\"12px\\",
	\\"v-percentage\\": \\"100%\\",
	\\"v-hex\\": \\"#fff\\",
	\\"v-function\\": \\"rgb(0,0,0)\\",
	\\"v-unicode-range\\": \\"U+0025-00FF\\",
	\\"ghi\\": \\"_ghi\\",
	\\"class\\": \\"_class\\",
	\\"other\\": \\"_other\\",
	\\"other-other\\": \\"_other-other\\",
	\\"green\\": \\"_green\\",
	\\"foo\\": \\"_foo\\",
	\\"simple\\": \\"_simple \\" + ___CSS_LOADER_ICSS_IMPORT_2___[\\"imported-simple\\"] + \\"\\",
	\\"relative\\": \\"_relative \\" + ___CSS_LOADER_ICSS_IMPORT_3___[\\"imported-relative\\"] + \\"\\",
	\\"top-relative\\": \\"_top-relative \\" + ___CSS_LOADER_ICSS_IMPORT_4___[\\"imported-relative\\"] + \\"\\",
	\\"module\\": \\"_module \\" + ___CSS_LOADER_ICSS_IMPORT_5___[\\"imported-module\\"] + \\"\\",
	\\"alias\\": \\"_alias \\" + ___CSS_LOADER_ICSS_IMPORT_6___[\\"imported-alias\\"] + \\"\\",
	\\"primary-selector\\": \\"_primary-selector\\",
	\\"black-selector\\": \\"_black-selector\\",
	\\"header\\": \\"_header\\",
	\\"foobarbaz\\": \\"_foobarbaz\\",
	\\"url\\": \\"_url\\"
};"
`;

exports[`modules true: values module 1`] = `
"// Exports
module.exports = {
	\\"v-def\\": \\"red\\",
	\\"v-other\\": \\"green\\",
	\\"s-white\\": \\"white\\",
	\\"m-small\\": \\"(min-width: 320px)\\"
};"
`;

exports[`modules true: warnings 1`] = `Array []`;
