// Jest Snapshot v1, https://goo.gl/fbAQLP

exports[`"sourceMap" option true should generate source maps and do not change "[contenthash]" on different platform: errors 1`] = `Array []`;

exports[`"sourceMap" option true should generate source maps and do not change "[contenthash]" on different platform: module 1`] = `
"// Imports
import ___CSS_LOADER_API_IMPORT___ from \\"../../../src/runtime/api.js\\";
import ___CSS_LOADER_AT_RULE_IMPORT_0___ from \\"-!../../../src/index.js??[ident]!./nested/nested.css\\";
var ___CSS_LOADER_EXPORT___ = ___CSS_LOADER_API_IMPORT___(true);
___CSS_LOADER_EXPORT___.i(___CSS_LOADER_AT_RULE_IMPORT_0___);
// Module
___CSS_LOADER_EXPORT___.push([module.id, \\".class {\\\\n  color: red;\\\\n}\\\\n\\", \\"\\",{\\"version\\":3,\\"sources\\":[\\"webpack://test/fixtures/source-map/basic.css\\"],\\"names\\":[],\\"mappings\\":\\"AAEA;EACE,UAAU;AACZ\\",\\"sourcesContent\\":[\\"@import \\\\\\"./nested/nested.css\\\\\\";\\\\n\\\\n.class {\\\\n  color: red;\\\\n}\\\\n\\"]}]);
// Exports
export default ___CSS_LOADER_EXPORT___;
"
`;

exports[`"sourceMap" option true should generate source maps and do not change "[contenthash]" on different platform: result 1`] = `
Array [
  Array [
    "./src/index.js?[ident]!./test/fixtures/source-map/nested/nested.css",
    ".nested {
  color: blue;
}
",
    "",
    Object {
      "mappings": "AAAA;EACE,WAAW;AACb",
      "names": Array [],
      "sources": Array [
        "webpack://test/fixtures/source-map/nested/nested.css",
      ],
      "sourcesContent": Array [
        ".nested {
  color: blue;
}
",
      ],
      "version": 3,
    },
  ],
  Array [
    "./test/fixtures/source-map/basic.css",
    ".class {
  color: red;
}
",
    "",
    Object {
      "mappings": "AAEA;EACE,UAAU;AACZ",
      "names": Array [],
      "sources": Array [
        "webpack://test/fixtures/source-map/basic.css",
      ],
      "sourcesContent": Array [
        "@import \\"./nested/nested.css\\";

.class {
  color: red;
}
",
      ],
      "version": 3,
    },
  ],
]
`;

exports[`"sourceMap" option true should generate source maps and do not change "[contenthash]" on different platform: warnings 1`] = `Array []`;
