// Jest Snapshot v1, https://goo.gl/fbAQLP

exports[`"sourceMap" option true should generate source maps when source maps is valid from an other loader (\`sass-loader\`): module 1`] = `"throw new Error(\\"Module build failed (from /home/evilebottnawi/IdeaProjects/css-loader/src/index.js):\\\\nTypeError: newMap.sources.map is not a function\\\\n    at normalizeSourceMap (/home/evilebottnawi/IdeaProjects/css-loader/src/utils.js:327:37)\\\\n    at Object.loader (/home/evilebottnawi/IdeaProjects/css-loader/src/index.js:164:25)\\");"`;
