// Jest Snapshot v1, https://goo.gl/fbAQLP

exports[`SyntaxError basic: errors 1`] = `
Array [
  [ModuleBuildError: Module build failed (from \`replaced original path\`):
Unknown word (2:3)

 [90m 1 | [39m[33m.some[39m [33m{[39m
[31m[1m>[22m[39m[90m 2 | [39m  invalid css[33m;[39m
 [90m   | [39m  [31m[1m^[22m[39m
 [90m 3 | [39m[33m}[39m
 [90m 4 | [39m
],
]
`;

exports[`SyntaxError basic: warnings 1`] = `Array []`;
